   Compiling reth-neox-antimev v2.5.1 (D:\Git\neox-rs\crates\neox\antimev)
    Finished `test` profile [unoptimized + debuginfo] target(s) in 10.31s
     Running unittests src\lib.rs (target\debug\deps\reth_neox_antimev-d357bbbf02958802.exe)

running 47 tests
test dkg::tests::derives_geth_committee_parameters ... ok
test dkg::tests::deterministic_polynomial_matches_geth ... ok
test dkg::tests::rejects_invalid_sources_indices_and_scalars ... ok
test dkg_keystore::tests::decrypted_state_is_validated_before_construction ... ok
test dkg::tests::renovation_preserves_only_the_global_secret ... ok
test dkg_state::tests::binds_keystore_to_exact_validator_identity ... ok
test dkg::tests::zero_polynomial_evaluation_is_a_typed_error ... ok
test dkg::tests::pvss_and_evaluations_match_geth ... ok
test envelope::tests::decoding_rejects_invalid_tpke_points ... ok
test dkg::tests::decrypts_fixed_zk_dkg_ecies_vector ... ok
test envelope::tests::recognition_and_decoding_match_reference_zero_round_behavior ... ok
test envelope::tests::parses_reference_layout ... ok
test envelope::tests::recognizes_envelopes_without_a_custom_transaction_type ... ok
test dkg::tests::aggregate_share_verification_requires_complete_contributions ... ok
test geth_keystore::tests::normalizes_exactly_what_the_oracle_normalizes ... ok
test precommit::tests::precommit_share_decoder_enforces_length_and_ceiling ... ok
test precommit::tests::precommit_share_encoding_matches_geth_layout ... ok
test tpke::tests::accepts_every_valid_pkcs7_padding_length ... ok
test dkg::tests::rejects_inconsistent_pvss_randomizers_and_public_shares ... ok
test dkg::tests::decodes_and_verifies_geth_pvss ... ok
test dkg_keystore::tests::incomplete_replay_baseline_cannot_be_persisted ... ok
test tpke::tests::converts_live_testnet_key_management_commitment ... ok
test tpke::tests::matches_geth_tpke_and_aes_vector ... ok
test tpke::tests::rejects_invalid_aes_lengths_and_padding ... ok
test tpke::tests::rejects_padding_violations_the_reference_client_rejects ... ok
test tpke::tests::matches_geth_five_of_seven_interpolation_vector ... ok
test tpke::tests::rejects_mismatched_ciphertext_commitment_and_share_indexes ... ok
test tpke::tests::rejects_infinity_signature_inputs_accepted_by_the_geth_oracle ... ok
test geth_keystore::tests::rejects_wrong_password_before_creating_destination ... ok
test tpke::tests::batch_decryption_ignores_partial_and_byzantine_contributions ... ok
test dkg_state::tests::rejects_conflicting_replay_and_invalid_recovery_sets ... ok
test dkg_keystore::tests::atomic_writes_never_overwrite_on_create_and_leave_no_temporary_file ... ok
test dkg_state::tests::reconstructs_and_renovates_after_five_recovery_messages ... ok
test tpke::tests::aggregates_five_of_seven_signature_shares ... ok
test dkg_state::tests::epoch_change_is_atomic_until_every_share_is_present ... ok
test dkg_state::tests::settles_geth_compatibly_when_contract_pvss_does_not_confirm_local_secret ... ok
test dkg::tests::verifies_aggregate_commitment_against_all_pvss_constants ... ok
test dkg::tests::verifies_aggregate_scalar_against_all_public_shares ... ok
test dkg_state::tests::settles_first_round_and_prepares_recovery_and_reshare ... ok
test precommit::tests::decryption_share_decoder_never_panics_on_adversarial_bytes ... ok
test geth_keystore::tests::migrates_scrypt_envelope ... ok
test dkg_keystore::tests::four_member_parameters_survive_encrypted_roundtrip ... ok
test geth_keystore::tests::migrates_keystore_whose_password_needs_nfkd ... ok
test dkg_keystore::tests::creates_validator_store_with_registered_message_identity ... ok
test geth_keystore::tests::migrates_settled_geth_state_and_rejects_wrong_identity ... ok
test dkg_keystore::tests::encrypted_roundtrip_preserves_pending_state_and_rejects_wrong_password ... ok
test geth_keystore::tests::strips_the_control_characters_the_oracle_strips ... ok

test result: ok. 47 passed; 0 failed; 0 ignored; 0 measured; 0 filtered out; finished in 31.55s

     Running tests\geth_ciphertext_admission.rs (target\debug\deps\geth_ciphertext_admission-a0d038e91882e601.exe)

running 3 tests
test deserialization_agrees_with_the_reference_client ... ok
test envelope_parsing_agrees_and_only_the_pairing_check_diverges ... ok
test reth_rejects_the_ciphertext_the_reference_client_admits ... ok

test result: ok. 3 passed; 0 failed; 0 ignored; 0 measured; 0 filtered out; finished in 0.00s

     Running tests\geth_cross_vectors.rs (target\debug\deps\geth_cross_vectors-5f7daa522557f0a0.exe)

running 9 tests
test envelope_layout_matches_reference_client ... ok
test scaler_matches_reference_client ... ok
test global_public_key_matches_reference_client ... ok
test envelope_fields_parse_from_reference_layout ... ok
test per_validator_public_shares_match_reference_client ... ok
test decryption_shares_match_reference_client_byte_for_byte ... ok
test reference_ciphertext_decodes_and_verifies ... ok
test threshold_decryption_matches_reference_client ... ok
test alternate_quorum_recovers_the_same_key ... ok

test result: ok. 9 passed; 0 failed; 0 ignored; 0 measured; 0 filtered out; finished in 0.00s

     Running tests\geth_negative_vectors.rs (target\debug\deps\geth_negative_vectors-6a0a266770100413.exe)

running 15 tests
test zero_scaler_is_rejected ... ok
test negative_vectors_use_the_mainnet_scaler ... ok
test malformed_commitment_padding_is_rejected ... ok
test tampered_pairing_commitment_is_rejected ... ok
test zero_valued_share_index_is_rejected ... ok
test duplicated_share_cannot_forge_a_quorum ... ok
test inconsistent_padding_bytes_are_rejected ... ok
test insufficient_shares_are_rejected ... ok
test canonical_padding_is_accepted ... ok
test empty_aes_ciphertext_is_rejected ... ok
test legacy_mode_accepts_reference_client_padding_matrix ... ok
test oversized_padding_byte_is_rejected ... ok
test ragged_aes_ciphertext_is_rejected ... ok
test zero_padding_byte_is_rejected ... ok
test substituted_encrypted_message_yields_a_key_that_cannot_decrypt ... ok

test result: ok. 15 passed; 0 failed; 0 ignored; 0 measured; 0 filtered out; finished in 0.00s

     Running tests\geth_pkcs7_reachability.rs (target\debug\deps\geth_pkcs7_reachability-ba7a30620189eb81.exe)

running 5 tests
test the_reference_clients_rule_returns_the_whole_payload ... ok
test the_payload_the_reference_client_recovers_is_a_real_transaction ... ok
test rust_rejects_the_envelope_the_reference_client_accepts ... ok
test legacy_mode_accepts_the_envelope_the_reference_client_accepts ... ok
test aggregation_succeeds_so_the_divergence_is_only_the_unpadding_rule ... ok

test result: ok. 5 passed; 0 failed; 0 ignored; 0 measured; 0 filtered out; finished in 0.01s

     Running tests\geth_reshare_vectors.rs (target\debug\deps\geth_reshare_vectors-267797a746d1838d.exe)

running 16 tests
test global_keys_match_reference_commitments ... ok
test rotated_commitments_differ ... ok
test scaler_matches_reference_client ... ok
test rotated_global_keys_differ ... ok
test rotated_private_shares_differ ... ok
test per_round_public_shares_match_reference_client ... ok
test mixed_round_quorum_is_rejected ... ok
test both_round_ciphertexts_verify ... ok
test current_round_ciphertext_rejects_previous_round_shares ... ok
test alternate_previous_round_quorum_recovers_the_same_plaintext ... ok
test previous_round_ciphertext_rejects_current_round_shares ... ok
test below_threshold_previous_round_is_rejected ... ok
test previous_round_ciphertext_rejects_current_round_global_key ... ok
test previous_round_envelope_opens_with_previous_round_group ... ok
test current_round_envelope_opens_with_current_round_group ... ok
test per_round_decryption_shares_match_byte_for_byte ... ok

test result: ok. 16 passed; 0 failed; 0 ignored; 0 measured; 0 filtered out; finished in 0.00s

