# neox-rpc-differential rerun with explicit endpoints 2026-09-09T12:26:54Z
# cmd: /c/Users/Administrator/.workbuddy/binaries/python/versions/3.13.12/python.exe scripts/neox-rpc-differential.py --local http://127.0.0.1:18545 --reference https://mainnet-1.rpc.banelabs.org [--height H]
# local_head/chainId above; reference=Neo X MainNet canonical Geth (banelabs mainnet-1)
=== G5 tip differential 2026-09-09T12:26:54Z ===
{
  "status": "ok",
  "local_head": "0x74d858",
  "reference_head": "0x74d859",
  "height": "0x74d858",
  "height_skew": 1,
  "checks": 37,
  "execution_transactions_checked": 0,
  "skipped": [
    {
      "category": "policy_rpc",
      "reason": "head-only methods are not comparable unless the checked height is both nodes' head",
      "methods": [
        "eth_gasPrice",
        "eth_envelopeFee",
        "eth_maxEnvelopeGas"
      ]
    }
  ],
  "mismatches": []
}
rc=0
=== G6 sampled height 7650000 2026-09-09T12:27:10Z ===
{
  "status": "ok",
  "local_head": "0x74d85c",
  "reference_head": "0x74d85c",
  "height": "0x74bad0",
  "height_skew": 0,
  "checks": 37,
  "execution_transactions_checked": 0,
  "skipped": [
    {
      "category": "policy_rpc",
      "reason": "head-only methods are not comparable unless the checked height is both nodes' head",
      "methods": [
        "eth_gasPrice",
        "eth_envelopeFee",
        "eth_maxEnvelopeGas"
      ]
    }
  ],
  "mismatches": []
}
rc=0
=== G6 sampled height 7630000 2026-09-09T12:27:26Z ===
{
  "status": "ok",
  "local_head": "0x74d85c",
  "reference_head": "0x74d85c",
  "height": "0x746cb0",
  "height_skew": 0,
  "checks": 37,
  "execution_transactions_checked": 0,
  "skipped": [
    {
      "category": "policy_rpc",
      "reason": "head-only methods are not comparable unless the checked height is both nodes' head",
      "methods": [
        "eth_gasPrice",
        "eth_envelopeFee",
        "eth_maxEnvelopeGas"
      ]
    }
  ],
  "mismatches": []
}
rc=0
=== G6 sampled height 3749760 2026-09-09T12:27:42Z ===
{
  "status": "ok",
  "local_head": "0x74d85d",
  "reference_head": "0x74d85d",
  "height": "0x393780",
  "height_skew": 0,
  "checks": 37,
  "execution_transactions_checked": 0,
  "skipped": [
    {
      "category": "policy_rpc",
      "reason": "head-only methods are not comparable unless the checked height is both nodes' head",
      "methods": [
        "eth_gasPrice",
        "eth_envelopeFee",
        "eth_maxEnvelopeGas"
      ]
    }
  ],
  "mismatches": []
}
rc=0
=== G6 sampled height 3623040 2026-09-09T12:27:58Z ===
{
  "status": "ok",
  "local_head": "0x74d860",
  "reference_head": "0x74d860",
  "height": "0x374880",
  "height_skew": 0,
  "checks": 37,
  "execution_transactions_checked": 0,
  "skipped": [
    {
      "category": "policy_rpc",
      "reason": "head-only methods are not comparable unless the checked height is both nodes' head",
      "methods": [
        "eth_gasPrice",
        "eth_envelopeFee",
        "eth_maxEnvelopeGas"
      ]
    }
  ],
  "mismatches": []
}
rc=0
=== G6 sampled height 0 2026-09-09T12:28:14Z ===
{
  "status": "ok",
  "local_head": "0x74d863",
  "reference_head": "0x74d863",
  "height": "0x0",
  "height_skew": 0,
  "checks": 37,
  "execution_transactions_checked": 0,
  "skipped": [
    {
      "category": "policy_rpc",
      "reason": "head-only methods are not comparable unless the checked height is both nodes' head",
      "methods": [
        "eth_gasPrice",
        "eth_envelopeFee",
        "eth_maxEnvelopeGas"
      ]
    }
  ],
  "mismatches": []
}
rc=0
{
  "status": "ok",
  "local_head": "0x74d866",
  "reference_head": "0x74d866",
  "height": "0x746cb0",
  "height_skew": 0,
  "checks": 37,
  "execution_transactions_checked": 0,
  "skipped": [
    {
      "category": "policy_rpc",
      "reason": "head-only methods are not comparable unless the checked height is both nodes' head",
      "methods": [
        "eth_gasPrice",
        "eth_envelopeFee",
        "eth_maxEnvelopeGas"
      ]
    }
  ],
  "mismatches": []
}
=== G5-exec differential at height 7654000 (3 txs) 2026-09-09T12:30:15Z ===
{
  "status": "error",
  "error": "https://mainnet-1.rpc.banelabs.org eth_getTransactionReceipt: <urlopen error Tunnel connection failed: 502 Bad Gateway>"
}
rc=2
=== G5-exec differential at height 7654800 (1 tx) 2026-09-09T12:30:45Z ===
{
  "status": "ok",
  "local_head": "0x74d871",
  "reference_head": "0x74d872",
  "height": "0x74cd90",
  "height_skew": 1,
  "checks": 71,
  "execution_transactions_checked": 1,
  "skipped": [
    {
      "category": "policy_rpc",
      "reason": "head-only methods are not comparable unless the checked height is both nodes' head",
      "methods": [
        "eth_gasPrice",
        "eth_envelopeFee",
        "eth_maxEnvelopeGas"
      ]
    }
  ],
  "mismatches": []
}
rc=0
=== G5-exec differential at height 7654000 (retry after transient proxy 502) 2026-09-09T12:31:14Z ===
{
  "status": "ok",
  "local_head": "0x74d877",
  "reference_head": "0x74d877",
  "height": "0x74ca70",
  "height_skew": 0,
  "checks": 139,
  "execution_transactions_checked": 3,
  "skipped": [
    {
      "category": "policy_rpc",
      "reason": "head-only methods are not comparable unless the checked height is both nodes' head",
      "methods": ["eth_gasPrice", "eth_envelopeFee", "eth_maxEnvelopeGas"]
    }
  ],
  "mismatches": []
}
rc=0
{
  "status": "ok",
  "local_head": "0x74d87f",
  "reference_head": "0x74d87f",
  "height": "0x74d87f",
  "height_skew": 0,
  "checks": 40,
  "execution_transactions_checked": 0,
  "skipped": [],
  "mismatches": []
}
